AR mod_m_counter arch C:/Users/Student/Desktop/test_10_25_2016/modMCounter.vhd sub00/vhpl03 1478022709
EN vga_sync NULL C:/Users/Student/Desktop/test_10_25_2016/vga_sync.vhd sub00/vhpl09 1478022712
EN blockram NULL C:/Users/Student/Desktop/test_10_25_2016/ipcore_dir/blockram.vhd sub00/vhpl08 1478022710
EN toplevel NULL C:/Users/Student/Desktop/test_10_25_2016/TopLevel.vhd sub00/vhpl04 1478022714
AR toplevel behavioral C:/Users/Student/Desktop/test_10_25_2016/TopLevel.vhd sub00/vhpl05 1478022715
AR vga_sync arch C:/Users/Student/Desktop/test_10_25_2016/vga_sync.vhd sub00/vhpl10 1478022713
EN mod_m_counter NULL C:/Users/Student/Desktop/test_10_25_2016/modMCounter.vhd sub00/vhpl02 1478022708
EN uart_rx NULL C:/Users/Student/Desktop/test_10_25_2016/uartReciever.vhd sub00/vhpl00 1478022706
AR uart_rx arch C:/Users/Student/Desktop/test_10_25_2016/uartReciever.vhd sub00/vhpl01 1478022707
AR blockram blockram_a C:/Users/Student/Desktop/test_10_25_2016/ipcore_dir/blockram.vhd sub00/vhpl07 1478022711
