V3 32
FL C:/Users/Student/Desktop/test_10_19_2016/ipcore_dir/blockram.vhd 2016/10/19.14:09:12 M.70d
FL C:/Users/Student/Desktop/test_10_19_2016/modMCounter.vhd 2016/10/19.14:41:18 M.70d
FL C:/Users/Student/Desktop/test_10_19_2016/test_10_19_2016/ipcore_dir/blockram.vhd 2016/10/19.14:09:12 M.70d
FL C:/Users/Student/Desktop/test_10_19_2016/test_10_19_2016/modMCounter.vhd 2016/10/19.14:41:17 M.70d
FL C:/Users/Student/Desktop/test_10_19_2016/test_10_19_2016/TopLevel.vhd 2016/10/19.14:41:04 M.70d
FL C:/Users/Student/Desktop/test_10_19_2016/test_10_19_2016/uartReciever.vhd 2016/10/19.14:41:40 M.70d
FL C:/Users/Student/Desktop/test_10_19_2016/TopLevel.vhd 2016/10/25.13:42:55 M.70d
FL C:/Users/Student/Desktop/test_10_19_2016/uartReciever.vhd 2016/10/19.14:41:42 M.70d
FL C:/Users/Student/Desktop/test_10_19_2016/vga_sync.vhd 2016/10/25.11:53:28 M.70d
FL C:/Users/Student/Desktop/test_10_25_2016/ipcore_dir/blockram.vhd 2016/10/19.14:09:12 M.70d
EN work/blockram 1478022710 \
      FL C:/Users/Student/Desktop/test_10_25_2016/ipcore_dir/blockram.vhd \
      PB ieee/std_logic_1164 1284609568
AR work/blockram/blockram_a 1478022711 \
      FL C:/Users/Student/Desktop/test_10_25_2016/ipcore_dir/blockram.vhd \
      EN work/blockram 1478022710
FL C:/Users/Student/Desktop/test_10_25_2016/modMCounter.vhd 2016/10/19.14:41:18 M.70d
EN work/mod_m_counter 1478022708 \
      FL C:/Users/Student/Desktop/test_10_25_2016/modMCounter.vhd \
      PB ieee/std_logic_1164 1284609568 PB ieee/NUMERIC_STD 1284609569
AR work/mod_m_counter/arch 1478022709 \
      FL C:/Users/Student/Desktop/test_10_25_2016/modMCounter.vhd \
      EN work/mod_m_counter 1478022708
FL C:/Users/Student/Desktop/test_10_25_2016/TopLevel.vhd 2016/11/01.12:51:41 M.70d
EN work/TopLevel 1478022714 \
      FL C:/Users/Student/Desktop/test_10_25_2016/TopLevel.vhd \
      PB ieee/std_logic_1164 1284609568 PB ieee/NUMERIC_STD 1284609569
AR work/TopLevel/Behavioral 1478022715 \
      FL C:/Users/Student/Desktop/test_10_25_2016/TopLevel.vhd EN work/TopLevel 1478022714 \
      CP uart_rx CP mod_m_counter CP blockRAM CP vga_sync
FL C:/Users/Student/Desktop/test_10_25_2016/uartReciever.vhd 2016/10/19.14:41:42 M.70d
EN work/uart_rx 1478022706 \
      FL C:/Users/Student/Desktop/test_10_25_2016/uartReciever.vhd \
      PB ieee/std_logic_1164 1284609568 PB ieee/NUMERIC_STD 1284609569
AR work/uart_rx/arch 1478022707 \
      FL C:/Users/Student/Desktop/test_10_25_2016/uartReciever.vhd \
      EN work/uart_rx 1478022706
FL C:/Users/Student/Desktop/test_10_25_2016/vga_sync.vhd 2016/11/01.12:11:52 M.70d
EN work/vga_sync 1478022712 \
      FL C:/Users/Student/Desktop/test_10_25_2016/vga_sync.vhd \
      PB ieee/std_logic_1164 1284609568 PB ieee/NUMERIC_STD 1284609569
AR work/vga_sync/arch 1478022713 \
      FL C:/Users/Student/Desktop/test_10_25_2016/vga_sync.vhd EN work/vga_sync 1478022712
FL C:/Users/Student/test_10_19_2016/ipcore_dir/blockram.vhd 2016/10/19.14:09:10 M.70d
FL "F:/Anton/new RS232_amer Fall 2016/modMCounter.vhd" 2016/10/19.13:55:36 M.70d
FL "F:/Anton/new RS232_amer Fall 2016/TopLevel.vhd" 2016/10/19.14:16:42 M.70d
FL "F:/Anton/new RS232_amer Fall 2016/uartReciever.vhd" 2016/10/13.15:55:24 M.70d
